<html>
<body>
<pre>
<h1>�Vision Build Log</h1>
<h2>Tool Versions:</h2>
IDE-Version: ��Vision V5.24.2.0
Copyright (C) 2017 ARM Ltd and ARM Germany GmbH. All rights reserved.
License Information: li ticao_1, zzu, LIC=----
 
Tool Versions:
Toolchain:       MDK-Lite  Version: 5.24.1
Toolchain Path:  D:\Program Files\Keil_v5\ARM\ARMCC\Bin
C Compiler:      Armcc.exe V5.06 update 5 (build 528)
Assembler:       Armasm.exe V5.06 update 5 (build 528)
Linker/Locator:  ArmLink.exe V5.06 update 5 (build 528)
Library Manager: ArmAr.exe V5.06 update 5 (build 528)
Hex Converter:   FromElf.exe V5.06 update 5 (build 528)
CPU DLL:         SARMCM3.DLL V5.24.1
Dialog DLL:      DCM.DLL V1.16.0.0
Target DLL:      CMSIS_AGDI.dll V1.28.3.0
Dialog DLL:      TCM.DLL V1.32.0.0
 
<h2>Project:</h2>
C:\Users\ticao-1\Desktop\Git\code_ticao\szkzq02.uvprojx
Project File Date:  08/06/2018

<h2>Output:</h2>
*** Using Compiler 'V5.06 update 5 (build 528)', folder: 'D:\Program Files\Keil_v5\ARM\ARMCC\Bin'
Rebuild target 'STM32'
compiling misc.c...
compiling stm32f10x_adc.c...
compiling stm32f10x_bkp.c...
compiling stm32f10x_cec.c...
compiling stm32f10x_can.c...
compiling stm32f10x_crc.c...
compiling stm32f10x_dac.c...
compiling stm32f10x_dbgmcu.c...
compiling stm32f10x_dma.c...
compiling stm32f10x_exti.c...
compiling stm32f10x_flash.c...
compiling stm32f10x_fsmc.c...
compiling stm32f10x_gpio.c...
compiling stm32f10x_iwdg.c...
compiling stm32f10x_i2c.c...
compiling stm32f10x_pwr.c...
compiling stm32f10x_rtc.c...
compiling stm32f10x_rcc.c...
compiling stm32f10x_sdio.c...
compiling stm32f10x_spi.c...
compiling stm32f10x_tim.c...
compiling core_cm3.c...
compiling stm32f10x_usart.c...
compiling stm32f10x_wwdg.c...
assembling startup_stm32f10x_hd.s...
compiling system_stm32f10x.c...
compiling main.c...
.\dongzuo\action.h(4): warning:  #1295-D: Deprecated declaration stand - give arg types
  void stand();
.\dongzuo\action.h(5): warning:  #1295-D: Deprecated declaration move - give arg types
  void move();
.\dongzuo\action.h(6): warning:  #1295-D: Deprecated declaration bow - give arg types
  void bow();
.\dongzuo\action.h(7): warning:  #1295-D: Deprecated declaration wave - give arg types
  void wave();
.\dongzuo\action.h(8): warning:  #1295-D: Deprecated declaration push_up - give arg types
  void push_up();
.\dongzuo\action.h(9): warning:  #1295-D: Deprecated declaration before_toss - give arg types
  void before_toss();
.\dongzuo\action.h(12): warning:  #1295-D: Deprecated declaration turn_over - give arg types
  void turn_over();
.\dongzuo\action.h(13): warning:  #1295-D: Deprecated declaration stand_on_head - give arg types
  void stand_on_head(); 
.\dongzuo\action.h(15): warning:  #1295-D: Deprecated declaration left_turn - give arg types
  void left_turn();
.\dongzuo\action.h(16): warning:  #1295-D: Deprecated declaration right_turn - give arg types
  void right_turn();
.\dongzuo\action.h(17): warning:  #1295-D: Deprecated declaration behind_toss - give arg types
  void behind_toss();
.\dongzuo\action.h(18): warning:  #1295-D: Deprecated declaration split - give arg types
  void split();
.\dongzuo\action.h(19): warning:  #1295-D: Deprecated declaration zibian0 - give arg types
  void zibian0();
.\dongzuo\action.h(20): warning:  #1295-D: Deprecated declaration zibian1 - give arg types
  void zibian1();
.\dongzuo\action.h(21): warning:  #1295-D: Deprecated declaration zibian2 - give arg types
  void zibian2();
.\dongzuo\action.h(22): warning:  #1295-D: Deprecated declaration zibian3 - give arg types
  void zibian3();
user\main.c(162): warning:  #223-D: function "Stm32_Clock_Init" declared implicitly
  	Stm32_Clock_Init(9); //系统时钟设置
user\main.c(216): warning:  #111-D: statement is unreachable
  	return 0;
user\main.c(217): warning:  #1-D: last line of file ends without a newline
  }
user\main.c: 19 warnings, 0 errors
compiling sys.c...
compiling delay.c...
compiling oled096.c...
compiling usart.c...
SYSTEM\usart\usart.c(199): warning:  #223-D: function "delay_ms" declared implicitly
  	delay_ms(2);
SYSTEM\usart\usart.c(245): warning:  #223-D: function "delay_ms" declared implicitly
  	delay_ms(2);
SYSTEM\usart\usart.c(301): warning:  #223-D: function "delay_ms" declared implicitly
  	delay_ms(2);
SYSTEM\usart\usart.c(332): warning:  #223-D: function "delay_ms" declared implicitly
  	delay_ms(2);
SYSTEM\usart\usart.c(342): warning:  #69-D: integer conversion resulted in truncation
  	temp_sum=0xFE+0x02+0x05;
SYSTEM\usart\usart.c(346): warning:  #223-D: function "delay_ms" declared implicitly
  	delay_ms(2);
SYSTEM\usart\usart.c(360): warning:  #223-D: function "delay_ms" declared implicitly
  	delay_ms(2);		
SYSTEM\usart\usart.c: 7 warnings, 0 errors
compiling action.c...
dongzuo\action.h(4): warning:  #1295-D: Deprecated declaration stand - give arg types
  void stand();
dongzuo\action.h(5): warning:  #1295-D: Deprecated declaration move - give arg types
  void move();
dongzuo\action.h(6): warning:  #1295-D: Deprecated declaration bow - give arg types
  void bow();
dongzuo\action.h(7): warning:  #1295-D: Deprecated declaration wave - give arg types
  void wave();
dongzuo\action.h(8): warning:  #1295-D: Deprecated declaration push_up - give arg types
  void push_up();
dongzuo\action.h(9): warning:  #1295-D: Deprecated declaration before_toss - give arg types
  void before_toss();
dongzuo\action.h(12): warning:  #1295-D: Deprecated declaration turn_over - give arg types
  void turn_over();
dongzuo\action.h(13): warning:  #1295-D: Deprecated declaration stand_on_head - give arg types
  void stand_on_head(); 
dongzuo\action.h(15): warning:  #1295-D: Deprecated declaration left_turn - give arg types
  void left_turn();
dongzuo\action.h(16): warning:  #1295-D: Deprecated declaration right_turn - give arg types
  void right_turn();
dongzuo\action.h(17): warning:  #1295-D: Deprecated declaration behind_toss - give arg types
  void behind_toss();
dongzuo\action.h(18): warning:  #1295-D: Deprecated declaration split - give arg types
  void split();
dongzuo\action.h(19): warning:  #1295-D: Deprecated declaration zibian0 - give arg types
  void zibian0();
dongzuo\action.h(20): warning:  #1295-D: Deprecated declaration zibian1 - give arg types
  void zibian1();
dongzuo\action.h(21): warning:  #1295-D: Deprecated declaration zibian2 - give arg types
  void zibian2();
dongzuo\action.h(22): warning:  #1295-D: Deprecated declaration zibian3 - give arg types
  void zibian3();
dongzuo\action.c(1502): warning:  #1-D: last line of file ends without a newline
  }
dongzuo\action.c: 17 warnings, 0 errors
linking...
Program Size: Code=19102 RO-data=1298 RW-data=320 ZI-data=1544  
FromELF: creating hex file...
".\Objects\szkzq02.axf" - 0 Error(s), 43 Warning(s).

<h2>Software Packages used:</h2>

Package Vendor: Keil
                http://www.keil.com/pack/Keil.STM32F1xx_DFP.2.2.0.pack
                Keil.STM32F1xx_DFP.2.2.0
                STMicroelectronics STM32F1 Series Device Support, Drivers and Examples

<h2>Collection of Component include folders:</h2>
  .\RTE\_STM32
  D:\Program Files\Keil_v5\ARM\PACK\Keil\STM32F1xx_DFP\2.2.0\Device\Include

<h2>Collection of Component Files used:</h2>
Build Time Elapsed:  00:00:09
</pre>
</body>
</html>
