<html>
<body>
<pre>
<h1>µVision Build Log</h1>
<h2>Tool Versions:</h2>
IDE-Version: ¦ÌVision V5.24.2.0
Copyright (C) 2017 ARM Ltd and ARM Germany GmbH. All rights reserved.
License Information: li ticao_1, zzu, LIC=----
 
Tool Versions:
Toolchain:       MDK-Lite  Version: 5.24.1
Toolchain Path:  D:\Program Files\Keil_v5\ARM\ARMCC\Bin
C Compiler:      Armcc.exe V5.06 update 5 (build 528)
Assembler:       Armasm.exe V5.06 update 5 (build 528)
Linker/Locator:  ArmLink.exe V5.06 update 5 (build 528)
Library Manager: ArmAr.exe V5.06 update 5 (build 528)
Hex Converter:   FromElf.exe V5.06 update 5 (build 528)
CPU DLL:         SARMCM3.DLL V5.24.1
Dialog DLL:      DCM.DLL V1.16.0.0
Target DLL:      STLink\ST-LINKIII-KEIL_SWO.dll V3.0.1.0
Dialog DLL:      TCM.DLL V1.32.0.0
 
<h2>Project:</h2>
C:\Users\ticao-1\Desktop\ÐÂ°å×Ó-×ØÍ·\USER\USART.uvprojx
Project File Date:  05/23/2018

<h2>Output:</h2>
*** Using Compiler 'V5.06 update 5 (build 528)', folder: 'D:\Program Files\Keil_v5\ARM\ARMCC\Bin'
Rebuild target 'Target 1'
compiling stm32f10x_it.c...
compiling system_stm32f10x.c...
compiling main.c...
..\HARDWARE\dongzuo\action.h(4): warning:  #1295-D: Deprecated declaration stand - give arg types
  void stand();
..\HARDWARE\dongzuo\action.h(5): warning:  #1295-D: Deprecated declaration move - give arg types
  void move();
..\HARDWARE\dongzuo\action.h(6): warning:  #1295-D: Deprecated declaration bow - give arg types
  void bow();
..\HARDWARE\dongzuo\action.h(7): warning:  #1295-D: Deprecated declaration wave - give arg types
  void wave();
..\HARDWARE\dongzuo\action.h(8): warning:  #1295-D: Deprecated declaration push_up - give arg types
  void push_up();
..\HARDWARE\dongzuo\action.h(9): warning:  #1295-D: Deprecated declaration left_push_up - give arg types
  void left_push_up();
..\HARDWARE\dongzuo\action.h(10): warning:  #1295-D: Deprecated declaration before_toss - give arg types
  void before_toss();
..\HARDWARE\dongzuo\action.h(11): warning:  #1295-D: Deprecated declaration right_turn - give arg types
  void right_turn();
..\HARDWARE\dongzuo\action.h(12): warning:  #1295-D: Deprecated declaration right_turn2 - give arg types
  void right_turn2();
..\HARDWARE\dongzuo\action.h(13): warning:  #1295-D: Deprecated declaration turn_over - give arg types
  void turn_over();
..\HARDWARE\dongzuo\action.h(14): warning:  #1295-D: Deprecated declaration stand_on_head - give arg types
  void stand_on_head(); 
..\HARDWARE\dongzuo\action.h(15): warning:  #1295-D: Deprecated declaration right_push_up - give arg types
  void right_push_up();
..\HARDWARE\dongzuo\action.h(16): warning:  #1295-D: Deprecated declaration left_turn - give arg types
  void left_turn();
..\HARDWARE\dongzuo\action.h(17): warning:  #1295-D: Deprecated declaration behind_toss - give arg types
  void behind_toss();
..\HARDWARE\dongzuo\action.h(18): warning:  #1295-D: Deprecated declaration zibian - give arg types
  void zibian();
..\HARDWARE\dongzuo\action.h(19): warning:  #1295-D: Deprecated declaration split - give arg types
  void split();
..\HARDWARE\dongzuo\action.h(20): warning:  #1295-D: Deprecated declaration zibian1 - give arg types
  void zibian1();
..\HARDWARE\dongzuo\action.h(21): warning:  #1295-D: Deprecated declaration zibian2 - give arg types
  void zibian2();
..\HARDWARE\dongzuo\action.h(22): warning:  #1295-D: Deprecated declaration zibian3 - give arg types
  void zibian3();
main.c(14): warning:  #177-D: variable "flag"  was declared but never referenced
  	u8 flag;
main.c(16): warning:  #177-D: variable "times"  was declared but never referenced
  	u16 times = 0;
main.c: 21 warnings, 0 errors
compiling led.c...
compiling key.c...
compiling delay.c...
compiling action.c...
..\HARDWARE\dongzuo\action.h(4): warning:  #1295-D: Deprecated declaration stand - give arg types
  void stand();
..\HARDWARE\dongzuo\action.h(5): warning:  #1295-D: Deprecated declaration move - give arg types
  void move();
..\HARDWARE\dongzuo\action.h(6): warning:  #1295-D: Deprecated declaration bow - give arg types
  void bow();
..\HARDWARE\dongzuo\action.h(7): warning:  #1295-D: Deprecated declaration wave - give arg types
  void wave();
..\HARDWARE\dongzuo\action.h(8): warning:  #1295-D: Deprecated declaration push_up - give arg types
  void push_up();
..\HARDWARE\dongzuo\action.h(9): warning:  #1295-D: Deprecated declaration left_push_up - give arg types
  void left_push_up();
..\HARDWARE\dongzuo\action.h(10): warning:  #1295-D: Deprecated declaration before_toss - give arg types
  void before_toss();
..\HARDWARE\dongzuo\action.h(11): warning:  #1295-D: Deprecated declaration right_turn - give arg types
  void right_turn();
..\HARDWARE\dongzuo\action.h(12): warning:  #1295-D: Deprecated declaration right_turn2 - give arg types
  void right_turn2();
..\HARDWARE\dongzuo\action.h(13): warning:  #1295-D: Deprecated declaration turn_over - give arg types
  void turn_over();
..\HARDWARE\dongzuo\action.h(14): warning:  #1295-D: Deprecated declaration stand_on_head - give arg types
  void stand_on_head(); 
..\HARDWARE\dongzuo\action.h(15): warning:  #1295-D: Deprecated declaration right_push_up - give arg types
  void right_push_up();
..\HARDWARE\dongzuo\action.h(16): warning:  #1295-D: Deprecated declaration left_turn - give arg types
  void left_turn();
..\HARDWARE\dongzuo\action.h(17): warning:  #1295-D: Deprecated declaration behind_toss - give arg types
  void behind_toss();
..\HARDWARE\dongzuo\action.h(18): warning:  #1295-D: Deprecated declaration zibian - give arg types
  void zibian();
..\HARDWARE\dongzuo\action.h(19): warning:  #1295-D: Deprecated declaration split - give arg types
  void split();
..\HARDWARE\dongzuo\action.h(20): warning:  #1295-D: Deprecated declaration zibian1 - give arg types
  void zibian1();
..\HARDWARE\dongzuo\action.h(21): warning:  #1295-D: Deprecated declaration zibian2 - give arg types
  void zibian2();
..\HARDWARE\dongzuo\action.h(22): warning:  #1295-D: Deprecated declaration zibian3 - give arg types
  void zibian3();
..\HARDWARE\dongzuo\action.c: 19 warnings, 0 errors
compiling sys.c...
compiling core_cm3.c...
compiling usart.c...
..\SYSTEM\usart\usart.c(30): warning:  #177-D: variable "NVIC_InitStructure"  was declared but never referenced
  		NVIC_InitTypeDef NVIC_InitStructure;
..\SYSTEM\usart\usart.c(58): warning:  #177-D: variable "Res"  was declared but never referenced
  	u8 Res;
..\SYSTEM\usart\usart.c(257): warning:  #69-D: integer conversion resulted in truncation
  	temp_sum=0xFE+0x02+0x05;
..\SYSTEM\usart\usart.c: 3 warnings, 0 errors
assembling startup_stm32f10x_hd.s...
compiling misc.c...
compiling stm32f10x_gpio.c...
compiling stm32f10x_rcc.c...
compiling stm32f10x_usart.c...
linking...
Program Size: Code=15588 RO-data=336 RW-data=44 ZI-data=1636  
FromELF: creating hex file...
"..\OBJ\USART.axf" - 0 Error(s), 43 Warning(s).

<h2>Software Packages used:</h2>

Package Vendor: ARM
                http://www.keil.com/pack/ARM.CMSIS.5.0.1.pack
                ARM.CMSIS.5.0.1
                CMSIS (Cortex Microcontroller Software Interface Standard)
   * Component: CORE Version: 5.0.1

Package Vendor: Keil
                http://www.keil.com/pack/Keil.STM32F1xx_DFP.2.2.0.pack
                Keil.STM32F1xx_DFP.2.2.0
                STMicroelectronics STM32F1 Series Device Support, Drivers and Examples

<h2>Collection of Component include folders:</h2>
  .\RTE\_Target_1
  D:\Program Files\Keil_v5\ARM\PACK\ARM\CMSIS\5.0.1\CMSIS\Include
  D:\Program Files\Keil_v5\ARM\PACK\Keil\STM32F1xx_DFP\2.2.0\Device\Include

<h2>Collection of Component Files used:</h2>

   * Component: ARM::CMSIS:CORE:5.0.1
Build Time Elapsed:  00:00:04
</pre>
</body>
</html>
